Traceback (most recent call last):
  File "C:\Users\Fathul Amin\AppData\Local\Programs\Python\Python312\Lib\site-packages\jupyter_cache\executors\utils.py", line 58, in single_nb_execution
    executenb(
  File "C:\Users\Fathul Amin\AppData\Local\Programs\Python\Python312\Lib\site-packages\nbclient\client.py", line 1323, in execute
    return NotebookClient(nb=nb, resources=resources, km=km, **kwargs).execute()
           ^^^^^^^^^^^^^^^^^^^^^^^^^^^^^^^^^^^^^^^^^^^^^^^^^^^^^^^^^^^^^^^^^^^^^
  File "C:\Users\Fathul Amin\AppData\Roaming\Python\Python312\site-packages\jupyter_core\utils\__init__.py", line 165, in wrapped
    return loop.run_until_complete(inner)
           ^^^^^^^^^^^^^^^^^^^^^^^^^^^^^^
  File "C:\Users\Fathul Amin\AppData\Local\Programs\Python\Python312\Lib\asyncio\base_events.py", line 687, in run_until_complete
    return future.result()
           ^^^^^^^^^^^^^^^
  File "C:\Users\Fathul Amin\AppData\Local\Programs\Python\Python312\Lib\site-packages\nbclient\client.py", line 709, in async_execute
    await self.async_execute_cell(
  File "C:\Users\Fathul Amin\AppData\Local\Programs\Python\Python312\Lib\site-packages\nbclient\client.py", line 1062, in async_execute_cell
    await self._check_raise_for_error(cell, cell_index, exec_reply)
  File "C:\Users\Fathul Amin\AppData\Local\Programs\Python\Python312\Lib\site-packages\nbclient\client.py", line 918, in _check_raise_for_error
    raise CellExecutionError.from_cell_and_msg(cell, exec_reply_content)
nbclient.exceptions.CellExecutionError: An error occurred while executing the following cell:
------------------
import knime.scripting.io as knio
import pandas as pd
from sklearn.naive_bayes import GaussianNB
from sklearn.preprocessing import StandardScaler

# 1. Ambil data dari port input KNIME
# Input 0 = Data Training (80%), Input 1 = Data Testing (20%)
df_train = knio.input_tables[0].to_pandas()
df_test = knio.input_tables[1].to_pandas()

# 2. Pisahkan kolom 'target' dari fitur lainnya
X_train = df_train.drop(columns=['target'])
y_train = df_train['target']

X_test = df_test.drop(columns=['target'])
y_test = df_test['target']

# 3. Normalisasi (Agar data punya skala yang sama)
scaler = StandardScaler()
X_train = scaler.fit_transform(X_train)
X_test = scaler.transform(X_test)

# 4. Training Model (Proses Belajar Naive Bayes)
model = GaussianNB()
model.fit(X_train, y_train)

# 5. Prediksi (Menebak data testing)
y_pred = model.predict(X_test)

# 6. Masukkan hasil tebakan ke kolom baru bernama 'Prediction'
df_test['Prediction'] = y_pred

# 7. Kirim hasilnya kembali ke KNIME agar bisa dibaca node Scorer
knio.output_tables[0] = knio.Table.from_pandas(df_test)
------------------


[31m---------------------------------------------------------------------------[39m
[31mModuleNotFoundError[39m                       Traceback (most recent call last)
[36mCell[39m[36m [39m[32mIn[1][39m[32m, line 1[39m
[32m----> [39m[32m1[39m [38;5;28;01mimport[39;00m[38;5;250m [39m[34;01mknime[39;00m[34;01m.[39;00m[34;01mscripting[39;00m[34;01m.[39;00m[34;01mio[39;00m[38;5;250m [39m[38;5;28;01mas[39;00m[38;5;250m [39m[34;01mknio[39;00m
[32m      2[39m [38;5;28;01mimport[39;00m[38;5;250m [39m[34;01mpandas[39;00m[38;5;250m [39m[38;5;28;01mas[39;00m[38;5;250m [39m[34;01mpd[39;00m
[32m      3[39m [38;5;28;01mfrom[39;00m[38;5;250m [39m[34;01msklearn[39;00m[34;01m.[39;00m[34;01mnaive_bayes[39;00m[38;5;250m [39m[38;5;28;01mimport[39;00m GaussianNB

[31mModuleNotFoundError[39m: No module named 'knime'

